// Jest Snapshot v1, https://goo.gl/fbAQLP

exports[`Shallow renders App 1`] = `
<App
  credentials={null}
  loadCredentials={[Function]}
  resetCredentials={[Function]}
  setCredentials={[Function]}
/>
`;
